Archive member included because of file (symbol)

c:/winavr-20100110/bin/../lib/gcc/avr/4.3.3/avr5\libgcc.a(_mulsi3.o)
                              ./TIMERS/TIMER1/TIMER1_INTERFACE.o (__mulsi3)
c:/winavr-20100110/bin/../lib/gcc/avr/4.3.3/avr5\libgcc.a(_udivmodhi4.o)
                              ./TIMERS/TIMER1/TIMER1_INTERFACE.o (__udivmodhi4)
c:/winavr-20100110/bin/../lib/gcc/avr/4.3.3/avr5\libgcc.a(_exit.o)
                              c:/winavr-20100110/bin/../lib/gcc/avr/4.3.3/../../../../avr/lib/avr5/crtm32.o (exit)
c:/winavr-20100110/bin/../lib/gcc/avr/4.3.3/avr5\libgcc.a(_copy_data.o)
                              ./GLCD/GLCD_INTERFACE.o (__do_copy_data)
c:/winavr-20100110/bin/../lib/gcc/avr/4.3.3/avr5\libgcc.a(_clear_bss.o)
                              ./UART/UART_INTERFACE.o (__do_clear_bss)
c:/winavr-20100110/bin/../lib/gcc/avr/4.3.3/avr5\libgcc.a(_fixunssfsi.o)
                              ./TIMERS/TIMER0/TIMER0_INTERFACE.o (__fixunssfsi)
c:/winavr-20100110/bin/../lib/gcc/avr/4.3.3/avr5\libgcc.a(_addsub_sf.o)
                              c:/winavr-20100110/bin/../lib/gcc/avr/4.3.3/avr5\libgcc.a(_fixunssfsi.o) (__subsf3)
c:/winavr-20100110/bin/../lib/gcc/avr/4.3.3/avr5\libgcc.a(_mul_sf.o)
                              ./TIMERS/TIMER0/TIMER0_INTERFACE.o (__mulsf3)
c:/winavr-20100110/bin/../lib/gcc/avr/4.3.3/avr5\libgcc.a(_div_sf.o)
                              ./TIMERS/TIMER0/TIMER0_INTERFACE.o (__divsf3)
c:/winavr-20100110/bin/../lib/gcc/avr/4.3.3/avr5\libgcc.a(_gt_sf.o)
                              ./GLCD/GLCD_INTERFACE.o (__gtsf2)
c:/winavr-20100110/bin/../lib/gcc/avr/4.3.3/avr5\libgcc.a(_ge_sf.o)
                              c:/winavr-20100110/bin/../lib/gcc/avr/4.3.3/avr5\libgcc.a(_fixunssfsi.o) (__gesf2)
c:/winavr-20100110/bin/../lib/gcc/avr/4.3.3/avr5\libgcc.a(_lt_sf.o)
                              ./GLCD/GLCD_INTERFACE.o (__ltsf2)
c:/winavr-20100110/bin/../lib/gcc/avr/4.3.3/avr5\libgcc.a(_le_sf.o)
                              ./FLAME/FLAME_INTERFACE.o (__lesf2)
c:/winavr-20100110/bin/../lib/gcc/avr/4.3.3/avr5\libgcc.a(_si_to_sf.o)
                              ./SERVO/SERVO_INTERFACE.o (__floatsisf)
c:/winavr-20100110/bin/../lib/gcc/avr/4.3.3/avr5\libgcc.a(_sf_to_si.o)
                              c:/winavr-20100110/bin/../lib/gcc/avr/4.3.3/avr5\libgcc.a(_fixunssfsi.o) (__fixsfsi)
c:/winavr-20100110/bin/../lib/gcc/avr/4.3.3/avr5\libgcc.a(_thenan_sf.o)
                              c:/winavr-20100110/bin/../lib/gcc/avr/4.3.3/avr5\libgcc.a(_addsub_sf.o) (__thenan_sf)
c:/winavr-20100110/bin/../lib/gcc/avr/4.3.3/avr5\libgcc.a(_usi_to_sf.o)
                              ./TIMERS/TIMER0/TIMER0_INTERFACE.o (__floatunsisf)
c:/winavr-20100110/bin/../lib/gcc/avr/4.3.3/avr5\libgcc.a(_prologue.o)
                              c:/winavr-20100110/bin/../lib/gcc/avr/4.3.3/avr5\libgcc.a(_addsub_sf.o) (__prologue_saves__)
c:/winavr-20100110/bin/../lib/gcc/avr/4.3.3/avr5\libgcc.a(_epilogue.o)
                              c:/winavr-20100110/bin/../lib/gcc/avr/4.3.3/avr5\libgcc.a(_addsub_sf.o) (__epilogue_restores__)
c:/winavr-20100110/bin/../lib/gcc/avr/4.3.3/avr5\libgcc.a(_clzsi2.o)
                              c:/winavr-20100110/bin/../lib/gcc/avr/4.3.3/avr5\libgcc.a(_si_to_sf.o) (__clzsi2)
c:/winavr-20100110/bin/../lib/gcc/avr/4.3.3/avr5\libgcc.a(_pack_sf.o)
                              c:/winavr-20100110/bin/../lib/gcc/avr/4.3.3/avr5\libgcc.a(_addsub_sf.o) (__pack_f)
c:/winavr-20100110/bin/../lib/gcc/avr/4.3.3/avr5\libgcc.a(_unpack_sf.o)
                              c:/winavr-20100110/bin/../lib/gcc/avr/4.3.3/avr5\libgcc.a(_addsub_sf.o) (__unpack_f)
c:/winavr-20100110/bin/../lib/gcc/avr/4.3.3/avr5\libgcc.a(_fpcmp_parts_sf.o)
                              c:/winavr-20100110/bin/../lib/gcc/avr/4.3.3/avr5\libgcc.a(_gt_sf.o) (__fpcmp_parts_f)
c:/winavr-20100110/bin/../lib/gcc/avr/4.3.3/avr5\libgcc.a(_clz.o)
                              c:/winavr-20100110/bin/../lib/gcc/avr/4.3.3/avr5\libgcc.a(_clzsi2.o) (__clz_tab)
c:/winavr-20100110/bin/../lib/gcc/avr/4.3.3/../../../../avr/lib/avr5\libc.a(sprintf.o)
                              ./main.o (sprintf)
c:/winavr-20100110/bin/../lib/gcc/avr/4.3.3/../../../../avr/lib/avr5\libc.a(vfprintf_std.o)
                              c:/winavr-20100110/bin/../lib/gcc/avr/4.3.3/../../../../avr/lib/avr5\libc.a(sprintf.o) (vfprintf)
c:/winavr-20100110/bin/../lib/gcc/avr/4.3.3/../../../../avr/lib/avr5\libc.a(strnlen_P.o)
                              c:/winavr-20100110/bin/../lib/gcc/avr/4.3.3/../../../../avr/lib/avr5\libc.a(vfprintf_std.o) (strnlen_P)
c:/winavr-20100110/bin/../lib/gcc/avr/4.3.3/../../../../avr/lib/avr5\libc.a(strnlen.o)
                              c:/winavr-20100110/bin/../lib/gcc/avr/4.3.3/../../../../avr/lib/avr5\libc.a(vfprintf_std.o) (strnlen)
c:/winavr-20100110/bin/../lib/gcc/avr/4.3.3/../../../../avr/lib/avr5\libc.a(fputc.o)
                              c:/winavr-20100110/bin/../lib/gcc/avr/4.3.3/../../../../avr/lib/avr5\libc.a(vfprintf_std.o) (fputc)
c:/winavr-20100110/bin/../lib/gcc/avr/4.3.3/../../../../avr/lib/avr5\libc.a(ultoa_invert.o)
                              c:/winavr-20100110/bin/../lib/gcc/avr/4.3.3/../../../../avr/lib/avr5\libc.a(vfprintf_std.o) (__ultoa_invert)

Memory Configuration

Name             Origin             Length             Attributes
text             0x00000000         0x00020000         xr
data             0x00800060         0x0000ffa0         rw !x
eeprom           0x00810000         0x00010000         rw !x
fuse             0x00820000         0x00000400         rw !x
lock             0x00830000         0x00000400         rw !x
signature        0x00840000         0x00000400         rw !x
*default*        0x00000000         0xffffffff

Linker script and memory map

LOAD c:/winavr-20100110/bin/../lib/gcc/avr/4.3.3/../../../../avr/lib/avr5/crtm32.o
LOAD ./UART/UART_INTERFACE.o
LOAD ./TIMERS/TIMER1/TIMER1_INTERFACE.o
LOAD ./TIMERS/TIMER0/TIMER0_INTERFACE.o
LOAD ./TIMERS/ICU/ICU_INTERFACE.o
LOAD ./SPI/SPI_INTERFACE.o
LOAD ./SERVO/SERVO_INTERFACE.o
LOAD ./LM35/LM35_INTERFACE.o
LOAD ./LDR/LDR_interface.o
LOAD ./GLCD/GLCD_INTERFACE.o
LOAD ./GIE/GIE_INTERFACE.o
LOAD ./FLAME/FLAME_INTERFACE.o
LOAD ./DIO/DIO_INTERFACE.o
LOAD ./DCMOTOR/DCMOTOR_INTERFACE.o
LOAD ./ADC/ADC_INTERFACE.o
LOAD ./main.o
LOAD c:/winavr-20100110/bin/../lib/gcc/avr/4.3.3/avr5\libgcc.a
LOAD c:/winavr-20100110/bin/../lib/gcc/avr/4.3.3/../../../../avr/lib/avr5\libc.a
LOAD c:/winavr-20100110/bin/../lib/gcc/avr/4.3.3/avr5\libgcc.a

.hash
 *(.hash)

.dynsym
 *(.dynsym)

.dynstr
 *(.dynstr)

.gnu.version
 *(.gnu.version)

.gnu.version_d
 *(.gnu.version_d)

.gnu.version_r
 *(.gnu.version_r)

.rel.init
 *(.rel.init)

.rela.init
 *(.rela.init)

.rel.text
 *(.rel.text)
 *(.rel.text.*)
 *(.rel.gnu.linkonce.t*)

.rela.text
 *(.rela.text)
 *(.rela.text.*)
 *(.rela.gnu.linkonce.t*)

.rel.fini
 *(.rel.fini)

.rela.fini
 *(.rela.fini)

.rel.rodata
 *(.rel.rodata)
 *(.rel.rodata.*)
 *(.rel.gnu.linkonce.r*)

.rela.rodata
 *(.rela.rodata)
 *(.rela.rodata.*)
 *(.rela.gnu.linkonce.r*)

.rel.data
 *(.rel.data)
 *(.rel.data.*)
 *(.rel.gnu.linkonce.d*)

.rela.data
 *(.rela.data)
 *(.rela.data.*)
 *(.rela.gnu.linkonce.d*)

.rel.ctors
 *(.rel.ctors)

.rela.ctors
 *(.rela.ctors)

.rel.dtors
 *(.rel.dtors)

.rela.dtors
 *(.rela.dtors)

.rel.got
 *(.rel.got)

.rela.got
 *(.rela.got)

.rel.bss
 *(.rel.bss)

.rela.bss
 *(.rela.bss)

.rel.plt
 *(.rel.plt)

.rela.plt
 *(.rela.plt)

.text           0x00000000     0x3dc2
 *(.vectors)
 .vectors       0x00000000       0x54 c:/winavr-20100110/bin/../lib/gcc/avr/4.3.3/../../../../avr/lib/avr5/crtm32.o
                0x00000000                __vectors
                0x00000000                __vector_default
 *(.vectors)
 *(.progmem.gcc*)
 *(.progmem*)
                0x00000054                . = ALIGN (0x2)
                0x00000054                __trampolines_start = .
 *(.trampolines)
 .trampolines   0x00000054        0x0 linker stubs
 *(.trampolines*)
                0x00000054                __trampolines_end = .
 *(.jumptables)
 *(.jumptables*)
 *(.lowtext)
 *(.lowtext*)
                0x00000054                __ctors_start = .
 *(.ctors)
                0x00000054                __ctors_end = .
                0x00000054                __dtors_start = .
 *(.dtors)
                0x00000054                __dtors_end = .
 SORT(*)(.ctors)
 SORT(*)(.dtors)
 *(.init0)
 .init0         0x00000054        0x0 c:/winavr-20100110/bin/../lib/gcc/avr/4.3.3/../../../../avr/lib/avr5/crtm32.o
                0x00000054                __init
 *(.init0)
 *(.init1)
 *(.init1)
 *(.init2)
 .init2         0x00000054        0xc c:/winavr-20100110/bin/../lib/gcc/avr/4.3.3/../../../../avr/lib/avr5/crtm32.o
 *(.init2)
 *(.init3)
 *(.init3)
 *(.init4)
 .init4         0x00000060       0x16 c:/winavr-20100110/bin/../lib/gcc/avr/4.3.3/avr5\libgcc.a(_copy_data.o)
                0x00000060                __do_copy_data
 .init4         0x00000076       0x10 c:/winavr-20100110/bin/../lib/gcc/avr/4.3.3/avr5\libgcc.a(_clear_bss.o)
                0x00000076                __do_clear_bss
 *(.init4)
 *(.init5)
 *(.init5)
 *(.init6)
 *(.init6)
 *(.init7)
 *(.init7)
 *(.init8)
 *(.init8)
 *(.init9)
 .init9         0x00000086        0x8 c:/winavr-20100110/bin/../lib/gcc/avr/4.3.3/../../../../avr/lib/avr5/crtm32.o
 *(.init9)
 *(.text)
 .text          0x0000008e        0x4 c:/winavr-20100110/bin/../lib/gcc/avr/4.3.3/../../../../avr/lib/avr5/crtm32.o
                0x0000008e                __vector_1
                0x0000008e                __vector_12
                0x0000008e                __bad_interrupt
                0x0000008e                __vector_6
                0x0000008e                __vector_3
                0x0000008e                __vector_17
                0x0000008e                __vector_19
                0x0000008e                __vector_7
                0x0000008e                __vector_5
                0x0000008e                __vector_4
                0x0000008e                __vector_9
                0x0000008e                __vector_2
                0x0000008e                __vector_15
                0x0000008e                __vector_8
                0x0000008e                __vector_14
                0x0000008e                __vector_10
                0x0000008e                __vector_18
                0x0000008e                __vector_20
 .text          0x00000092        0x0 ./UART/UART_INTERFACE.o
 .text          0x00000092        0x0 ./TIMERS/TIMER1/TIMER1_INTERFACE.o
 .text          0x00000092        0x0 ./TIMERS/TIMER0/TIMER0_INTERFACE.o
 .text          0x00000092        0x0 ./TIMERS/ICU/ICU_INTERFACE.o
 .text          0x00000092        0x0 ./SPI/SPI_INTERFACE.o
 .text          0x00000092        0x0 ./SERVO/SERVO_INTERFACE.o
 .text          0x00000092        0x0 ./LM35/LM35_INTERFACE.o
 .text          0x00000092        0x0 ./LDR/LDR_interface.o
 .text          0x00000092        0x0 ./GLCD/GLCD_INTERFACE.o
 .text          0x00000092        0x0 ./GIE/GIE_INTERFACE.o
 .text          0x00000092        0x0 ./FLAME/FLAME_INTERFACE.o
 .text          0x00000092        0x0 ./DIO/DIO_INTERFACE.o
 .text          0x00000092        0x0 ./DCMOTOR/DCMOTOR_INTERFACE.o
 .text          0x00000092        0x0 ./ADC/ADC_INTERFACE.o
 .text          0x00000092        0x0 ./main.o
 .text          0x00000092        0x0 c:/winavr-20100110/bin/../lib/gcc/avr/4.3.3/avr5\libgcc.a(_mulsi3.o)
 .text          0x00000092        0x0 c:/winavr-20100110/bin/../lib/gcc/avr/4.3.3/avr5\libgcc.a(_udivmodhi4.o)
 .text          0x00000092        0x0 c:/winavr-20100110/bin/../lib/gcc/avr/4.3.3/avr5\libgcc.a(_exit.o)
 .text          0x00000092        0x0 c:/winavr-20100110/bin/../lib/gcc/avr/4.3.3/avr5\libgcc.a(_copy_data.o)
 .text          0x00000092        0x0 c:/winavr-20100110/bin/../lib/gcc/avr/4.3.3/avr5\libgcc.a(_clear_bss.o)
 .text          0x00000092       0x58 c:/winavr-20100110/bin/../lib/gcc/avr/4.3.3/avr5\libgcc.a(_fixunssfsi.o)
                0x00000092                __fixunssfsi
 .text          0x000000ea      0x354 c:/winavr-20100110/bin/../lib/gcc/avr/4.3.3/avr5\libgcc.a(_addsub_sf.o)
                0x00000382                __subsf3
                0x000003e4                __addsf3
 .text          0x0000043e      0x1f4 c:/winavr-20100110/bin/../lib/gcc/avr/4.3.3/avr5\libgcc.a(_mul_sf.o)
                0x0000043e                __mulsf3
 .text          0x00000632      0x158 c:/winavr-20100110/bin/../lib/gcc/avr/4.3.3/avr5\libgcc.a(_div_sf.o)
                0x00000632                __divsf3
 .text          0x0000078a       0x60 c:/winavr-20100110/bin/../lib/gcc/avr/4.3.3/avr5\libgcc.a(_gt_sf.o)
                0x0000078a                __gtsf2
 .text          0x000007ea       0x60 c:/winavr-20100110/bin/../lib/gcc/avr/4.3.3/avr5\libgcc.a(_ge_sf.o)
                0x000007ea                __gesf2
 .text          0x0000084a       0x60 c:/winavr-20100110/bin/../lib/gcc/avr/4.3.3/avr5\libgcc.a(_lt_sf.o)
                0x0000084a                __ltsf2
 .text          0x000008aa       0x60 c:/winavr-20100110/bin/../lib/gcc/avr/4.3.3/avr5\libgcc.a(_le_sf.o)
                0x000008aa                __lesf2
 .text          0x0000090a       0xbc c:/winavr-20100110/bin/../lib/gcc/avr/4.3.3/avr5\libgcc.a(_si_to_sf.o)
                0x0000090a                __floatsisf
 .text          0x000009c6       0xa8 c:/winavr-20100110/bin/../lib/gcc/avr/4.3.3/avr5\libgcc.a(_sf_to_si.o)
                0x000009c6                __fixsfsi
 .text          0x00000a6e        0x0 c:/winavr-20100110/bin/../lib/gcc/avr/4.3.3/avr5\libgcc.a(_thenan_sf.o)
 .text          0x00000a6e       0xf2 c:/winavr-20100110/bin/../lib/gcc/avr/4.3.3/avr5\libgcc.a(_usi_to_sf.o)
                0x00000a6e                __floatunsisf
 .text          0x00000b60        0x0 c:/winavr-20100110/bin/../lib/gcc/avr/4.3.3/avr5\libgcc.a(_prologue.o)
 .text          0x00000b60        0x0 c:/winavr-20100110/bin/../lib/gcc/avr/4.3.3/avr5\libgcc.a(_epilogue.o)
 .text          0x00000b60       0x9e c:/winavr-20100110/bin/../lib/gcc/avr/4.3.3/avr5\libgcc.a(_clzsi2.o)
                0x00000b60                __clzsi2
 .text          0x00000bfe      0x1aa c:/winavr-20100110/bin/../lib/gcc/avr/4.3.3/avr5\libgcc.a(_pack_sf.o)
                0x00000bfe                __pack_f
 .text          0x00000da8       0xf0 c:/winavr-20100110/bin/../lib/gcc/avr/4.3.3/avr5\libgcc.a(_unpack_sf.o)
                0x00000da8                __unpack_f
 .text          0x00000e98       0xb2 c:/winavr-20100110/bin/../lib/gcc/avr/4.3.3/avr5\libgcc.a(_fpcmp_parts_sf.o)
                0x00000e98                __fpcmp_parts_f
 .text          0x00000f4a        0x0 c:/winavr-20100110/bin/../lib/gcc/avr/4.3.3/avr5\libgcc.a(_clz.o)
 .text          0x00000f4a        0x0 c:/winavr-20100110/bin/../lib/gcc/avr/4.3.3/../../../../avr/lib/avr5\libc.a(sprintf.o)
 .text          0x00000f4a        0x0 c:/winavr-20100110/bin/../lib/gcc/avr/4.3.3/../../../../avr/lib/avr5\libc.a(vfprintf_std.o)
 .text          0x00000f4a        0x0 c:/winavr-20100110/bin/../lib/gcc/avr/4.3.3/../../../../avr/lib/avr5\libc.a(strnlen_P.o)
 .text          0x00000f4a        0x0 c:/winavr-20100110/bin/../lib/gcc/avr/4.3.3/../../../../avr/lib/avr5\libc.a(strnlen.o)
 .text          0x00000f4a        0x0 c:/winavr-20100110/bin/../lib/gcc/avr/4.3.3/../../../../avr/lib/avr5\libc.a(fputc.o)
 .text          0x00000f4a        0x0 c:/winavr-20100110/bin/../lib/gcc/avr/4.3.3/../../../../avr/lib/avr5\libc.a(ultoa_invert.o)
                0x00000f4a                . = ALIGN (0x2)
 *(.text.*)
 .text.UART_init
                0x00000f4a       0x4a ./UART/UART_INTERFACE.o
                0x00000f4a                UART_init
 .text.UART_sendData
                0x00000f94       0x34 ./UART/UART_INTERFACE.o
                0x00000f94                UART_sendData
 .text.UART_receiveData
                0x00000fc8       0x1e ./UART/UART_INTERFACE.o
                0x00000fc8                UART_receiveData
 .text.UART_setCallBack
                0x00000fe6       0x24 ./UART/UART_INTERFACE.o
                0x00000fe6                UART_setCallBack
 .text.__vector_13
                0x0000100a       0x6c ./UART/UART_INTERFACE.o
                0x0000100a                __vector_13
 .text.TIMER1_init
                0x00001076      0x104 ./TIMERS/TIMER1/TIMER1_INTERFACE.o
                0x00001076                TIMER1_init
 .text.TIMER1_setPWMMode
                0x0000117a       0xaa ./TIMERS/TIMER1/TIMER1_INTERFACE.o
                0x0000117a                TIMER1_setPWMMode
 .text.TIMER1_setValue
                0x00001224       0x24 ./TIMERS/TIMER1/TIMER1_INTERFACE.o
                0x00001224                TIMER1_setValue
 .text.TIMER1_readValue
                0x00001248       0x16 ./TIMERS/TIMER1/TIMER1_INTERFACE.o
                0x00001248                TIMER1_readValue
 .text.TIMER1_setCompareValue
                0x0000125e       0x24 ./TIMERS/TIMER1/TIMER1_INTERFACE.o
                0x0000125e                TIMER1_setCompareValue
 .text.TIMER1_DUTYCYCLE
                0x00001282       0x50 ./TIMERS/TIMER1/TIMER1_INTERFACE.o
                0x00001282                TIMER1_DUTYCYCLE
 .text.TIMER0_init
                0x000012d2       0xf2 ./TIMERS/TIMER0/TIMER0_INTERFACE.o
                0x000012d2                TIMER0_init
 .text.TIMER_INIT_SASA
                0x000013c4       0x78 ./TIMERS/TIMER0/TIMER0_INTERFACE.o
                0x000013c4                TIMER_INIT_SASA
 .text.TIMER0_OVF_IE
                0x0000143c       0x1c ./TIMERS/TIMER0/TIMER0_INTERFACE.o
                0x0000143c                TIMER0_OVF_IE
 .text.TIMER0_OVF_ID
                0x00001458       0x1c ./TIMERS/TIMER0/TIMER0_INTERFACE.o
                0x00001458                TIMER0_OVF_ID
 .text.TIMER0_CMP_IE
                0x00001474       0x1c ./TIMERS/TIMER0/TIMER0_INTERFACE.o
                0x00001474                TIMER0_CMP_IE
 .text.TIMER0_CMP_ID
                0x00001490       0x1c ./TIMERS/TIMER0/TIMER0_INTERFACE.o
                0x00001490                TIMER0_CMP_ID
 .text.TIMER0_setCompareValue
                0x000014ac       0x1c ./TIMERS/TIMER0/TIMER0_INTERFACE.o
                0x000014ac                TIMER0_setCompareValue
 .text.TIMER0_setValue
                0x000014c8       0x1c ./TIMERS/TIMER0/TIMER0_INTERFACE.o
                0x000014c8                TIMER0_setValue
 .text.TIMER0_setCallback
                0x000014e4       0x24 ./TIMERS/TIMER0/TIMER0_INTERFACE.o
                0x000014e4                TIMER0_setCallback
 .text.TIMER0_VidDUTYCYCLE
                0x00001508       0x4c ./TIMERS/TIMER0/TIMER0_INTERFACE.o
                0x00001508                TIMER0_VidDUTYCYCLE
 .text.TIMER0_setPWMMode
                0x00001554       0x72 ./TIMERS/TIMER0/TIMER0_INTERFACE.o
                0x00001554                TIMER0_setPWMMode
 .text.TIMER_executeByInterval
                0x000015c6      0x1f4 ./TIMERS/TIMER0/TIMER0_INTERFACE.o
                0x000015c6                TIMER_executeByInterval
 .text.__vector_11
                0x000017ba       0x6a ./TIMERS/TIMER0/TIMER0_INTERFACE.o
                0x000017ba                __vector_11
 .text.ICU_init
                0x00001824       0x2a ./TIMERS/ICU/ICU_INTERFACE.o
                0x00001824                ICU_init
 .text.ICU_setTrigger
                0x0000184e       0x3e ./TIMERS/ICU/ICU_INTERFACE.o
                0x0000184e                ICU_setTrigger
 .text.ICU_IE   0x0000188c       0x1c ./TIMERS/ICU/ICU_INTERFACE.o
                0x0000188c                ICU_IE
 .text.ICU_ID   0x000018a8       0x1c ./TIMERS/ICU/ICU_INTERFACE.o
                0x000018a8                ICU_ID
 .text.ICU_readICU
                0x000018c4       0x18 ./TIMERS/ICU/ICU_INTERFACE.o
                0x000018c4                ICU_readICU
 .text.SPI_masterInit
                0x000018dc       0xa6 ./SPI/SPI_INTERFACE.o
                0x000018dc                SPI_masterInit
 .text.SPI_sleveInit
                0x00001982       0x60 ./SPI/SPI_INTERFACE.o
                0x00001982                SPI_sleveInit
 .text.SPI_transceive
                0x000019e2       0x34 ./SPI/SPI_INTERFACE.o
                0x000019e2                SPI_transceive
 .text.SERVO_init
                0x00001a16       0x3c ./SERVO/SERVO_INTERFACE.o
                0x00001a16                SERVO_init
 .text.SERVO_setDegree
                0x00001a52       0xa2 ./SERVO/SERVO_INTERFACE.o
                0x00001a52                SERVO_setDegree
 .text.LM35_handleADCResult
                0x00001af4       0xca ./LM35/LM35_INTERFACE.o
                0x00001af4                LM35_handleADCResult
 .text.LM35_init
                0x00001bbe       0x16 ./LM35/LM35_INTERFACE.o
                0x00001bbe                LM35_init
 .text.LM35_calculate
                0x00001bd4       0x24 ./LM35/LM35_INTERFACE.o
                0x00001bd4                LM35_calculate
 .text.LM35_getTemperature
                0x00001bf8       0x16 ./LM35/LM35_INTERFACE.o
                0x00001bf8                LM35_getTemperature
 .text.LDR_handleADCResult
                0x00001c0e       0xa6 ./LDR/LDR_interface.o
                0x00001c0e                LDR_handleADCResult
 .text.LDR_init
                0x00001cb4       0x16 ./LDR/LDR_interface.o
                0x00001cb4                LDR_init
 .text.LDR_calculate
                0x00001cca       0x24 ./LDR/LDR_interface.o
                0x00001cca                LDR_calculate
 .text.LDR_getPercentage
                0x00001cee       0x12 ./LDR/LDR_interface.o
                0x00001cee                LDR_getPercentage
 .text.GLCD_sendCommand
                0x00001d00      0x2a6 ./GLCD/GLCD_INTERFACE.o
                0x00001d00                GLCD_sendCommand
 .text.GLCD_sendData
                0x00001fa6      0x2a6 ./GLCD/GLCD_INTERFACE.o
                0x00001fa6                GLCD_sendData
 .text.GLCD_moveCursor
                0x0000224c       0x5e ./GLCD/GLCD_INTERFACE.o
                0x0000224c                GLCD_moveCursor
 .text.GLCD_sendChar
                0x000022aa       0xdc ./GLCD/GLCD_INTERFACE.o
                0x000022aa                GLCD_sendChar
 .text.GLCD_sendString
                0x00002386       0x52 ./GLCD/GLCD_INTERFACE.o
                0x00002386                GLCD_sendString
 .text.GLCD_init
                0x000023d8       0x9a ./GLCD/GLCD_INTERFACE.o
                0x000023d8                GLCD_init
 .text.GLCD_sendLogo
                0x00002472       0xb6 ./GLCD/GLCD_INTERFACE.o
                0x00002472                GLCD_sendLogo
 .text.GLCD_clearLCD
                0x00002528       0x72 ./GLCD/GLCD_INTERFACE.o
                0x00002528                GLCD_clearLCD
 .text.GIE      0x0000259a       0x1c ./GIE/GIE_INTERFACE.o
                0x0000259a                GIE
 .text.GID      0x000025b6       0x1c ./GIE/GIE_INTERFACE.o
                0x000025b6                GID
 .text.FLAME_handleADCResult
                0x000025d2       0x8a ./FLAME/FLAME_INTERFACE.o
                0x000025d2                FLAME_handleADCResult
 .text.FLAME_init
                0x0000265c       0x16 ./FLAME/FLAME_INTERFACE.o
                0x0000265c                FLAME_init
 .text.FLAME_calculate
                0x00002672       0x1a ./FLAME/FLAME_INTERFACE.o
                0x00002672                FLAME_calculate
 .text.setPinDirection
                0x0000268c       0xe6 ./DIO/DIO_INTERFACE.o
                0x0000268c                setPinDirection
 .text.setPinValue
                0x00002772       0xe6 ./DIO/DIO_INTERFACE.o
                0x00002772                setPinValue
 .text.getPinValue
                0x00002858       0xba ./DIO/DIO_INTERFACE.o
                0x00002858                getPinValue
 .text.setPortDirection
                0x00002912       0x9e ./DIO/DIO_INTERFACE.o
                0x00002912                setPortDirection
 .text.setPortValue
                0x000029b0       0x82 ./DIO/DIO_INTERFACE.o
                0x000029b0                setPortValue
 .text.getPortValue
                0x00002a32       0x9c ./DIO/DIO_INTERFACE.o
                0x00002a32                getPortValue
 .text.DCMOTOR_init
                0x00002ace       0x7c ./DCMOTOR/DCMOTOR_INTERFACE.o
                0x00002ace                DCMOTOR_init
 .text.DCMOTOR_setState
                0x00002b4a       0x8a ./DCMOTOR/DCMOTOR_INTERFACE.o
                0x00002b4a                DCMOTOR_setState
 .text.DCMOTOR_setSpeed
                0x00002bd4       0x56 ./DCMOTOR/DCMOTOR_INTERFACE.o
                0x00002bd4                DCMOTOR_setSpeed
 .text.ADC_init
                0x00002c2a       0x7e ./ADC/ADC_INTERFACE.o
                0x00002c2a                ADC_init
 .text.ADC_startConversion
                0x00002ca8       0x40 ./ADC/ADC_INTERFACE.o
                0x00002ca8                ADC_startConversion
 .text.ADC_setCallback
                0x00002ce8       0x24 ./ADC/ADC_INTERFACE.o
                0x00002ce8                ADC_setCallback
 .text.__vector_16
                0x00002d0c       0x6e ./ADC/ADC_INTERFACE.o
                0x00002d0c                __vector_16
 .text.main     0x00002d7a      0x310 ./main.o
                0x00002d7a                main
 .text.mainMenuDisplay
                0x0000308a       0x46 ./main.o
                0x0000308a                mainMenuDisplay
 .text.statsMenuDisplay
                0x000030d0      0x14e ./main.o
                0x000030d0                statsMenuDisplay
 .text.modifyMenuDisplay
                0x0000321e       0xdc ./main.o
                0x0000321e                modifyMenuDisplay
 .text.modeMenuDisplay
                0x000032fa       0x7a ./main.o
                0x000032fa                modeMenuDisplay
 .text.settingsMenuDisplay
                0x00003374       0x82 ./main.o
                0x00003374                settingsMenuDisplay
 .text.fanStateMenuDisplay
                0x000033f6       0x7a ./main.o
                0x000033f6                fanStateMenuDisplay
 .text.fanSpeedMenuDisplay
                0x00003470       0xd6 ./main.o
                0x00003470                fanSpeedMenuDisplay
 .text.lightStateMenuDisplay
                0x00003546       0x7a ./main.o
                0x00003546                lightStateMenuDisplay
 .text.handleUART
                0x000035c0      0x1e8 ./main.o
                0x000035c0                handleUART
 .text.libgcc   0x000037a8       0x3e c:/winavr-20100110/bin/../lib/gcc/avr/4.3.3/avr5\libgcc.a(_mulsi3.o)
                0x000037a8                __mulsi3
 .text.libgcc   0x000037e6       0x28 c:/winavr-20100110/bin/../lib/gcc/avr/4.3.3/avr5\libgcc.a(_udivmodhi4.o)
                0x000037e6                __udivmodhi4
 .text.libgcc   0x0000380e        0x0 c:/winavr-20100110/bin/../lib/gcc/avr/4.3.3/avr5\libgcc.a(_exit.o)
 .text.libgcc   0x0000380e        0x0 c:/winavr-20100110/bin/../lib/gcc/avr/4.3.3/avr5\libgcc.a(_copy_data.o)
 .text.libgcc   0x0000380e        0x0 c:/winavr-20100110/bin/../lib/gcc/avr/4.3.3/avr5\libgcc.a(_clear_bss.o)
 .text.libgcc   0x0000380e       0x38 c:/winavr-20100110/bin/../lib/gcc/avr/4.3.3/avr5\libgcc.a(_prologue.o)
                0x0000380e                __prologue_saves__
 .text.libgcc   0x00003846       0x36 c:/winavr-20100110/bin/../lib/gcc/avr/4.3.3/avr5\libgcc.a(_epilogue.o)
                0x00003846                __epilogue_restores__
 .text.avr-libc
                0x0000387c       0x48 c:/winavr-20100110/bin/../lib/gcc/avr/4.3.3/../../../../avr/lib/avr5\libc.a(sprintf.o)
                0x0000387c                sprintf
 .text.avr-libc
                0x000038c4      0x3ba c:/winavr-20100110/bin/../lib/gcc/avr/4.3.3/../../../../avr/lib/avr5\libc.a(vfprintf_std.o)
                0x000038c4                vfprintf
 .text.avr-libc
                0x00003c7e       0x16 c:/winavr-20100110/bin/../lib/gcc/avr/4.3.3/../../../../avr/lib/avr5\libc.a(strnlen_P.o)
                0x00003c7e                strnlen_P
 .text.avr-libc
                0x00003c94       0x16 c:/winavr-20100110/bin/../lib/gcc/avr/4.3.3/../../../../avr/lib/avr5\libc.a(strnlen.o)
                0x00003c94                strnlen
 .text.avr-libc
                0x00003caa       0x58 c:/winavr-20100110/bin/../lib/gcc/avr/4.3.3/../../../../avr/lib/avr5\libc.a(fputc.o)
                0x00003caa                fputc
 .text.avr-libc
                0x00003d02       0xbc c:/winavr-20100110/bin/../lib/gcc/avr/4.3.3/../../../../avr/lib/avr5\libc.a(ultoa_invert.o)
                0x00003d02                __ultoa_invert
                0x00003dbe                . = ALIGN (0x2)
 *(.fini9)
 .fini9         0x00003dbe        0x0 c:/winavr-20100110/bin/../lib/gcc/avr/4.3.3/avr5\libgcc.a(_exit.o)
                0x00003dbe                exit
                0x00003dbe                _exit
 *(.fini9)
 *(.fini8)
 *(.fini8)
 *(.fini7)
 *(.fini7)
 *(.fini6)
 *(.fini6)
 *(.fini5)
 *(.fini5)
 *(.fini4)
 *(.fini4)
 *(.fini3)
 *(.fini3)
 *(.fini2)
 *(.fini2)
 *(.fini1)
 *(.fini1)
 *(.fini0)
 .fini0         0x00003dbe        0x4 c:/winavr-20100110/bin/../lib/gcc/avr/4.3.3/avr5\libgcc.a(_exit.o)
 *(.fini0)
                0x00003dc2                _etext = .

.data           0x00800060      0x56a load address 0x00003dc2
                0x00800060                PROVIDE (__data_start, .)
 *(.data)
 .data          0x00800060        0x0 c:/winavr-20100110/bin/../lib/gcc/avr/4.3.3/../../../../avr/lib/avr5/crtm32.o
 .data          0x00800060        0x0 ./UART/UART_INTERFACE.o
 .data          0x00800060        0x0 ./TIMERS/TIMER1/TIMER1_INTERFACE.o
 .data          0x00800060        0x0 ./TIMERS/TIMER0/TIMER0_INTERFACE.o
 .data          0x00800060        0x0 ./TIMERS/ICU/ICU_INTERFACE.o
 .data          0x00800060        0x0 ./SPI/SPI_INTERFACE.o
 .data          0x00800060        0x0 ./SERVO/SERVO_INTERFACE.o
 .data          0x00800060        0x0 ./LM35/LM35_INTERFACE.o
 .data          0x00800060        0x0 ./LDR/LDR_interface.o
 .data          0x00800060        0x0 ./GLCD/GLCD_INTERFACE.o
 .data          0x00800060        0x0 ./GIE/GIE_INTERFACE.o
 .data          0x00800060        0x0 ./FLAME/FLAME_INTERFACE.o
 .data          0x00800060        0x0 ./DIO/DIO_INTERFACE.o
 .data          0x00800060        0x0 ./DCMOTOR/DCMOTOR_INTERFACE.o
 .data          0x00800060        0x0 ./ADC/ADC_INTERFACE.o
 .data          0x00800060      0x280 ./main.o
 .data          0x008002e0        0x0 c:/winavr-20100110/bin/../lib/gcc/avr/4.3.3/avr5\libgcc.a(_mulsi3.o)
 .data          0x008002e0        0x0 c:/winavr-20100110/bin/../lib/gcc/avr/4.3.3/avr5\libgcc.a(_udivmodhi4.o)
 .data          0x008002e0        0x0 c:/winavr-20100110/bin/../lib/gcc/avr/4.3.3/avr5\libgcc.a(_exit.o)
 .data          0x008002e0        0x0 c:/winavr-20100110/bin/../lib/gcc/avr/4.3.3/avr5\libgcc.a(_copy_data.o)
 .data          0x008002e0        0x0 c:/winavr-20100110/bin/../lib/gcc/avr/4.3.3/avr5\libgcc.a(_clear_bss.o)
 .data          0x008002e0        0x0 c:/winavr-20100110/bin/../lib/gcc/avr/4.3.3/avr5\libgcc.a(_fixunssfsi.o)
 .data          0x008002e0        0x0 c:/winavr-20100110/bin/../lib/gcc/avr/4.3.3/avr5\libgcc.a(_addsub_sf.o)
 .data          0x008002e0        0x0 c:/winavr-20100110/bin/../lib/gcc/avr/4.3.3/avr5\libgcc.a(_mul_sf.o)
 .data          0x008002e0        0x0 c:/winavr-20100110/bin/../lib/gcc/avr/4.3.3/avr5\libgcc.a(_div_sf.o)
 .data          0x008002e0        0x0 c:/winavr-20100110/bin/../lib/gcc/avr/4.3.3/avr5\libgcc.a(_gt_sf.o)
 .data          0x008002e0        0x0 c:/winavr-20100110/bin/../lib/gcc/avr/4.3.3/avr5\libgcc.a(_ge_sf.o)
 .data          0x008002e0        0x0 c:/winavr-20100110/bin/../lib/gcc/avr/4.3.3/avr5\libgcc.a(_lt_sf.o)
 .data          0x008002e0        0x0 c:/winavr-20100110/bin/../lib/gcc/avr/4.3.3/avr5\libgcc.a(_le_sf.o)
 .data          0x008002e0        0x0 c:/winavr-20100110/bin/../lib/gcc/avr/4.3.3/avr5\libgcc.a(_si_to_sf.o)
 .data          0x008002e0        0x0 c:/winavr-20100110/bin/../lib/gcc/avr/4.3.3/avr5\libgcc.a(_sf_to_si.o)
 .data          0x008002e0        0x8 c:/winavr-20100110/bin/../lib/gcc/avr/4.3.3/avr5\libgcc.a(_thenan_sf.o)
                0x008002e0                __thenan_sf
 .data          0x008002e8        0x0 c:/winavr-20100110/bin/../lib/gcc/avr/4.3.3/avr5\libgcc.a(_usi_to_sf.o)
 .data          0x008002e8        0x0 c:/winavr-20100110/bin/../lib/gcc/avr/4.3.3/avr5\libgcc.a(_prologue.o)
 .data          0x008002e8        0x0 c:/winavr-20100110/bin/../lib/gcc/avr/4.3.3/avr5\libgcc.a(_epilogue.o)
 .data          0x008002e8        0x0 c:/winavr-20100110/bin/../lib/gcc/avr/4.3.3/avr5\libgcc.a(_clzsi2.o)
 .data          0x008002e8        0x0 c:/winavr-20100110/bin/../lib/gcc/avr/4.3.3/avr5\libgcc.a(_pack_sf.o)
 .data          0x008002e8        0x0 c:/winavr-20100110/bin/../lib/gcc/avr/4.3.3/avr5\libgcc.a(_unpack_sf.o)
 .data          0x008002e8        0x0 c:/winavr-20100110/bin/../lib/gcc/avr/4.3.3/avr5\libgcc.a(_fpcmp_parts_sf.o)
 .data          0x008002e8      0x100 c:/winavr-20100110/bin/../lib/gcc/avr/4.3.3/avr5\libgcc.a(_clz.o)
                0x008002e8                __clz_tab
 .data          0x008003e8        0x0 c:/winavr-20100110/bin/../lib/gcc/avr/4.3.3/../../../../avr/lib/avr5\libc.a(sprintf.o)
 .data          0x008003e8        0x0 c:/winavr-20100110/bin/../lib/gcc/avr/4.3.3/../../../../avr/lib/avr5\libc.a(vfprintf_std.o)
 .data          0x008003e8        0x0 c:/winavr-20100110/bin/../lib/gcc/avr/4.3.3/../../../../avr/lib/avr5\libc.a(strnlen_P.o)
 .data          0x008003e8        0x0 c:/winavr-20100110/bin/../lib/gcc/avr/4.3.3/../../../../avr/lib/avr5\libc.a(strnlen.o)
 .data          0x008003e8        0x0 c:/winavr-20100110/bin/../lib/gcc/avr/4.3.3/../../../../avr/lib/avr5\libc.a(fputc.o)
 .data          0x008003e8        0x0 c:/winavr-20100110/bin/../lib/gcc/avr/4.3.3/../../../../avr/lib/avr5\libc.a(ultoa_invert.o)
 *(.data*)
 .data.fanSpeed
                0x008003e8        0x1 ./main.o
 *(.rodata)
 *(.rodata*)
 .rodata.Font5x8
                0x008003e9      0x1e0 ./GLCD/GLCD_INTERFACE.o
                0x008003e9                Font5x8
 *(.gnu.linkonce.d*)
                0x008005ca                . = ALIGN (0x2)
 *fill*         0x008005c9        0x1 00
                0x008005ca                _edata = .
                0x008005ca                PROVIDE (__data_end, .)

.bss            0x008005ca       0x14
                0x008005ca                PROVIDE (__bss_start, .)
 *(.bss)
 .bss           0x008005ca        0x0 c:/winavr-20100110/bin/../lib/gcc/avr/4.3.3/../../../../avr/lib/avr5/crtm32.o
 .bss           0x008005ca        0x0 ./UART/UART_INTERFACE.o
 .bss           0x008005ca        0x0 ./TIMERS/TIMER1/TIMER1_INTERFACE.o
 .bss           0x008005ca        0x0 ./TIMERS/TIMER0/TIMER0_INTERFACE.o
 .bss           0x008005ca        0x0 ./TIMERS/ICU/ICU_INTERFACE.o
 .bss           0x008005ca        0x0 ./SPI/SPI_INTERFACE.o
 .bss           0x008005ca        0x0 ./SERVO/SERVO_INTERFACE.o
 .bss           0x008005ca        0x0 ./LM35/LM35_INTERFACE.o
 .bss           0x008005ca        0x0 ./LDR/LDR_interface.o
 .bss           0x008005ca        0x0 ./GLCD/GLCD_INTERFACE.o
 .bss           0x008005ca        0x0 ./GIE/GIE_INTERFACE.o
 .bss           0x008005ca        0x0 ./FLAME/FLAME_INTERFACE.o
 .bss           0x008005ca        0x0 ./DIO/DIO_INTERFACE.o
 .bss           0x008005ca        0x0 ./DCMOTOR/DCMOTOR_INTERFACE.o
 .bss           0x008005ca        0x0 ./ADC/ADC_INTERFACE.o
 .bss           0x008005ca        0x0 ./main.o
 .bss           0x008005ca        0x0 c:/winavr-20100110/bin/../lib/gcc/avr/4.3.3/avr5\libgcc.a(_mulsi3.o)
 .bss           0x008005ca        0x0 c:/winavr-20100110/bin/../lib/gcc/avr/4.3.3/avr5\libgcc.a(_udivmodhi4.o)
 .bss           0x008005ca        0x0 c:/winavr-20100110/bin/../lib/gcc/avr/4.3.3/avr5\libgcc.a(_exit.o)
 .bss           0x008005ca        0x0 c:/winavr-20100110/bin/../lib/gcc/avr/4.3.3/avr5\libgcc.a(_copy_data.o)
 .bss           0x008005ca        0x0 c:/winavr-20100110/bin/../lib/gcc/avr/4.3.3/avr5\libgcc.a(_clear_bss.o)
 .bss           0x008005ca        0x0 c:/winavr-20100110/bin/../lib/gcc/avr/4.3.3/avr5\libgcc.a(_fixunssfsi.o)
 .bss           0x008005ca        0x0 c:/winavr-20100110/bin/../lib/gcc/avr/4.3.3/avr5\libgcc.a(_addsub_sf.o)
 .bss           0x008005ca        0x0 c:/winavr-20100110/bin/../lib/gcc/avr/4.3.3/avr5\libgcc.a(_mul_sf.o)
 .bss           0x008005ca        0x0 c:/winavr-20100110/bin/../lib/gcc/avr/4.3.3/avr5\libgcc.a(_div_sf.o)
 .bss           0x008005ca        0x0 c:/winavr-20100110/bin/../lib/gcc/avr/4.3.3/avr5\libgcc.a(_gt_sf.o)
 .bss           0x008005ca        0x0 c:/winavr-20100110/bin/../lib/gcc/avr/4.3.3/avr5\libgcc.a(_ge_sf.o)
 .bss           0x008005ca        0x0 c:/winavr-20100110/bin/../lib/gcc/avr/4.3.3/avr5\libgcc.a(_lt_sf.o)
 .bss           0x008005ca        0x0 c:/winavr-20100110/bin/../lib/gcc/avr/4.3.3/avr5\libgcc.a(_le_sf.o)
 .bss           0x008005ca        0x0 c:/winavr-20100110/bin/../lib/gcc/avr/4.3.3/avr5\libgcc.a(_si_to_sf.o)
 .bss           0x008005ca        0x0 c:/winavr-20100110/bin/../lib/gcc/avr/4.3.3/avr5\libgcc.a(_sf_to_si.o)
 .bss           0x008005ca        0x0 c:/winavr-20100110/bin/../lib/gcc/avr/4.3.3/avr5\libgcc.a(_thenan_sf.o)
 .bss           0x008005ca        0x0 c:/winavr-20100110/bin/../lib/gcc/avr/4.3.3/avr5\libgcc.a(_usi_to_sf.o)
 .bss           0x008005ca        0x0 c:/winavr-20100110/bin/../lib/gcc/avr/4.3.3/avr5\libgcc.a(_prologue.o)
 .bss           0x008005ca        0x0 c:/winavr-20100110/bin/../lib/gcc/avr/4.3.3/avr5\libgcc.a(_epilogue.o)
 .bss           0x008005ca        0x0 c:/winavr-20100110/bin/../lib/gcc/avr/4.3.3/avr5\libgcc.a(_clzsi2.o)
 .bss           0x008005ca        0x0 c:/winavr-20100110/bin/../lib/gcc/avr/4.3.3/avr5\libgcc.a(_pack_sf.o)
 .bss           0x008005ca        0x0 c:/winavr-20100110/bin/../lib/gcc/avr/4.3.3/avr5\libgcc.a(_unpack_sf.o)
 .bss           0x008005ca        0x0 c:/winavr-20100110/bin/../lib/gcc/avr/4.3.3/avr5\libgcc.a(_fpcmp_parts_sf.o)
 .bss           0x008005ca        0x0 c:/winavr-20100110/bin/../lib/gcc/avr/4.3.3/avr5\libgcc.a(_clz.o)
 .bss           0x008005ca        0x0 c:/winavr-20100110/bin/../lib/gcc/avr/4.3.3/../../../../avr/lib/avr5\libc.a(sprintf.o)
 .bss           0x008005ca        0x0 c:/winavr-20100110/bin/../lib/gcc/avr/4.3.3/../../../../avr/lib/avr5\libc.a(vfprintf_std.o)
 .bss           0x008005ca        0x0 c:/winavr-20100110/bin/../lib/gcc/avr/4.3.3/../../../../avr/lib/avr5\libc.a(strnlen_P.o)
 .bss           0x008005ca        0x0 c:/winavr-20100110/bin/../lib/gcc/avr/4.3.3/../../../../avr/lib/avr5\libc.a(strnlen.o)
 .bss           0x008005ca        0x0 c:/winavr-20100110/bin/../lib/gcc/avr/4.3.3/../../../../avr/lib/avr5\libc.a(fputc.o)
 .bss           0x008005ca        0x0 c:/winavr-20100110/bin/../lib/gcc/avr/4.3.3/../../../../avr/lib/avr5\libc.a(ultoa_invert.o)
 *(.bss*)
 .bss.UARTCallback
                0x008005ca        0x2 ./UART/UART_INTERFACE.o
 .bss.timer0Callback
                0x008005cc        0x2 ./TIMERS/TIMER0/TIMER0_INTERFACE.o
 .bss.counter   0x008005ce        0x1 ./TIMERS/TIMER0/TIMER0_INTERFACE.o
 .bss.timex     0x008005cf        0x2 ./TIMERS/TIMER0/TIMER0_INTERFACE.o
 .bss.typex     0x008005d1        0x1 ./TIMERS/TIMER0/TIMER0_INTERFACE.o
 .bss.temperature
                0x008005d2        0x2 ./LM35/LM35_INTERFACE.o
 .bss.currentMode
                0x008005d4        0x1 ./LM35/LM35_INTERFACE.o
 .bss.percentage
                0x008005d5        0x1 ./LDR/LDR_interface.o
                0x008005d5                percentage
 .bss.currentMode
                0x008005d6        0x1 ./LDR/LDR_interface.o
 .bss.IPL_Logo  0x008005d7        0x0 ./GLCD/GLCD_INTERFACE.o
                0x008005d7                IPL_Logo
 .bss.count     0x008005d7        0x1 ./GLCD/GLCD_INTERFACE.o
 .bss.adcCallback
                0x008005d8        0x2 ./ADC/ADC_INTERFACE.o
 .bss.current   0x008005da        0x1 ./main.o
 .bss.mode      0x008005db        0x1 ./main.o
 .bss.fanMode   0x008005dc        0x1 ./main.o
 .bss.lightState
                0x008005dd        0x1 ./main.o
 *(COMMON)
                0x008005de                PROVIDE (__bss_end, .)
                0x00003dc2                __data_load_start = LOADADDR (.data)
                0x0000432c                __data_load_end = (__data_load_start + SIZEOF (.data))

.noinit         0x008005de        0x0
                0x008005de                PROVIDE (__noinit_start, .)
 *(.noinit*)
                0x008005de                PROVIDE (__noinit_end, .)
                0x008005de                _end = .
                0x008005de                PROVIDE (__heap_start, .)

.eeprom         0x00810000        0x0
 *(.eeprom*)
                0x00810000                __eeprom_end = .

.fuse
 *(.fuse)
 *(.lfuse)
 *(.hfuse)
 *(.efuse)

.lock
 *(.lock*)

.signature
 *(.signature*)

.stab           0x00000000     0x4f74
 *(.stab)
 .stab          0x00000000      0x3b4 ./UART/UART_INTERFACE.o
 .stab          0x000003b4      0x4e0 ./TIMERS/TIMER1/TIMER1_INTERFACE.o
                                0x51c (size before relaxing)
 .stab          0x00000894      0x81c ./TIMERS/TIMER0/TIMER0_INTERFACE.o
                                0x858 (size before relaxing)
 .stab          0x000010b0      0x348 ./TIMERS/ICU/ICU_INTERFACE.o
                                0x384 (size before relaxing)
 .stab          0x000013f8      0x36c ./SPI/SPI_INTERFACE.o
                                0x3a8 (size before relaxing)
 .stab          0x00001764      0x30c ./SERVO/SERVO_INTERFACE.o
                                0x318 (size before relaxing)
 .stab          0x00001a70      0x4c8 ./LM35/LM35_INTERFACE.o
                                0x4d4 (size before relaxing)
 .stab          0x00001f38      0x30c ./LDR/LDR_interface.o
                                0x318 (size before relaxing)
 .stab          0x00002244      0xbac ./GLCD/GLCD_INTERFACE.o
                                0xd38 (size before relaxing)
 .stab          0x00002df0      0x240 ./GIE/GIE_INTERFACE.o
                                0x24c (size before relaxing)
 .stab          0x00003030      0x2ac ./FLAME/FLAME_INTERFACE.o
                                0x2b8 (size before relaxing)
 .stab          0x000032dc      0x60c ./DIO/DIO_INTERFACE.o
                                0x618 (size before relaxing)
 .stab          0x000038e8      0x45c ./DCMOTOR/DCMOTOR_INTERFACE.o
                                0x468 (size before relaxing)
 .stab          0x00003d44      0x384 ./ADC/ADC_INTERFACE.o
                                0x3c0 (size before relaxing)
 .stab          0x000040c8      0xeac ./main.o
                               0x1140 (size before relaxing)

.stabstr        0x00000000     0x20bc
 *(.stabstr)
 .stabstr       0x00000000     0x20bc ./UART/UART_INTERFACE.o

.stab.excl
 *(.stab.excl)

.stab.exclstr
 *(.stab.exclstr)

.stab.index
 *(.stab.index)

.stab.indexstr
 *(.stab.indexstr)

.comment
 *(.comment)

.debug
 *(.debug)

.line
 *(.line)

.debug_srcinfo
 *(.debug_srcinfo)

.debug_sfnames
 *(.debug_sfnames)

.debug_aranges  0x00000000      0x1e0
 *(.debug_aranges)
 .debug_aranges
                0x00000000       0x20 c:/winavr-20100110/bin/../lib/gcc/avr/4.3.3/avr5\libgcc.a(_fixunssfsi.o)
 .debug_aranges
                0x00000020       0x20 c:/winavr-20100110/bin/../lib/gcc/avr/4.3.3/avr5\libgcc.a(_addsub_sf.o)
 .debug_aranges
                0x00000040       0x20 c:/winavr-20100110/bin/../lib/gcc/avr/4.3.3/avr5\libgcc.a(_mul_sf.o)
 .debug_aranges
                0x00000060       0x20 c:/winavr-20100110/bin/../lib/gcc/avr/4.3.3/avr5\libgcc.a(_div_sf.o)
 .debug_aranges
                0x00000080       0x20 c:/winavr-20100110/bin/../lib/gcc/avr/4.3.3/avr5\libgcc.a(_gt_sf.o)
 .debug_aranges
                0x000000a0       0x20 c:/winavr-20100110/bin/../lib/gcc/avr/4.3.3/avr5\libgcc.a(_ge_sf.o)
 .debug_aranges
                0x000000c0       0x20 c:/winavr-20100110/bin/../lib/gcc/avr/4.3.3/avr5\libgcc.a(_lt_sf.o)
 .debug_aranges
                0x000000e0       0x20 c:/winavr-20100110/bin/../lib/gcc/avr/4.3.3/avr5\libgcc.a(_le_sf.o)
 .debug_aranges
                0x00000100       0x20 c:/winavr-20100110/bin/../lib/gcc/avr/4.3.3/avr5\libgcc.a(_si_to_sf.o)
 .debug_aranges
                0x00000120       0x20 c:/winavr-20100110/bin/../lib/gcc/avr/4.3.3/avr5\libgcc.a(_sf_to_si.o)
 .debug_aranges
                0x00000140       0x20 c:/winavr-20100110/bin/../lib/gcc/avr/4.3.3/avr5\libgcc.a(_usi_to_sf.o)
 .debug_aranges
                0x00000160       0x20 c:/winavr-20100110/bin/../lib/gcc/avr/4.3.3/avr5\libgcc.a(_clzsi2.o)
 .debug_aranges
                0x00000180       0x20 c:/winavr-20100110/bin/../lib/gcc/avr/4.3.3/avr5\libgcc.a(_pack_sf.o)
 .debug_aranges
                0x000001a0       0x20 c:/winavr-20100110/bin/../lib/gcc/avr/4.3.3/avr5\libgcc.a(_unpack_sf.o)
 .debug_aranges
                0x000001c0       0x20 c:/winavr-20100110/bin/../lib/gcc/avr/4.3.3/avr5\libgcc.a(_fpcmp_parts_sf.o)

.debug_pubnames
                0x00000000      0x232
 *(.debug_pubnames)
 .debug_pubnames
                0x00000000       0x23 c:/winavr-20100110/bin/../lib/gcc/avr/4.3.3/avr5\libgcc.a(_fixunssfsi.o)
 .debug_pubnames
                0x00000023       0x2c c:/winavr-20100110/bin/../lib/gcc/avr/4.3.3/avr5\libgcc.a(_addsub_sf.o)
 .debug_pubnames
                0x0000004f       0x1f c:/winavr-20100110/bin/../lib/gcc/avr/4.3.3/avr5\libgcc.a(_mul_sf.o)
 .debug_pubnames
                0x0000006e       0x1f c:/winavr-20100110/bin/../lib/gcc/avr/4.3.3/avr5\libgcc.a(_div_sf.o)
 .debug_pubnames
                0x0000008d       0x1e c:/winavr-20100110/bin/../lib/gcc/avr/4.3.3/avr5\libgcc.a(_gt_sf.o)
 .debug_pubnames
                0x000000ab       0x1e c:/winavr-20100110/bin/../lib/gcc/avr/4.3.3/avr5\libgcc.a(_ge_sf.o)
 .debug_pubnames
                0x000000c9       0x1e c:/winavr-20100110/bin/../lib/gcc/avr/4.3.3/avr5\libgcc.a(_lt_sf.o)
 .debug_pubnames
                0x000000e7       0x1e c:/winavr-20100110/bin/../lib/gcc/avr/4.3.3/avr5\libgcc.a(_le_sf.o)
 .debug_pubnames
                0x00000105       0x22 c:/winavr-20100110/bin/../lib/gcc/avr/4.3.3/avr5\libgcc.a(_si_to_sf.o)
 .debug_pubnames
                0x00000127       0x20 c:/winavr-20100110/bin/../lib/gcc/avr/4.3.3/avr5\libgcc.a(_sf_to_si.o)
 .debug_pubnames
                0x00000147       0x22 c:/winavr-20100110/bin/../lib/gcc/avr/4.3.3/avr5\libgcc.a(_thenan_sf.o)
 .debug_pubnames
                0x00000169       0x24 c:/winavr-20100110/bin/../lib/gcc/avr/4.3.3/avr5\libgcc.a(_usi_to_sf.o)
 .debug_pubnames
                0x0000018d       0x1f c:/winavr-20100110/bin/../lib/gcc/avr/4.3.3/avr5\libgcc.a(_clzsi2.o)
 .debug_pubnames
                0x000001ac       0x1f c:/winavr-20100110/bin/../lib/gcc/avr/4.3.3/avr5\libgcc.a(_pack_sf.o)
 .debug_pubnames
                0x000001cb       0x21 c:/winavr-20100110/bin/../lib/gcc/avr/4.3.3/avr5\libgcc.a(_unpack_sf.o)
 .debug_pubnames
                0x000001ec       0x26 c:/winavr-20100110/bin/../lib/gcc/avr/4.3.3/avr5\libgcc.a(_fpcmp_parts_sf.o)
 .debug_pubnames
                0x00000212       0x20 c:/winavr-20100110/bin/../lib/gcc/avr/4.3.3/avr5\libgcc.a(_clz.o)

.debug_info     0x00000000     0x2891
 *(.debug_info)
 .debug_info    0x00000000       0xb1 c:/winavr-20100110/bin/../lib/gcc/avr/4.3.3/avr5\libgcc.a(_fixunssfsi.o)
 .debug_info    0x000000b1      0x47a c:/winavr-20100110/bin/../lib/gcc/avr/4.3.3/avr5\libgcc.a(_addsub_sf.o)
 .debug_info    0x0000052b      0x485 c:/winavr-20100110/bin/../lib/gcc/avr/4.3.3/avr5\libgcc.a(_mul_sf.o)
 .debug_info    0x000009b0      0x3fc c:/winavr-20100110/bin/../lib/gcc/avr/4.3.3/avr5\libgcc.a(_div_sf.o)
 .debug_info    0x00000dac      0x27f c:/winavr-20100110/bin/../lib/gcc/avr/4.3.3/avr5\libgcc.a(_gt_sf.o)
 .debug_info    0x0000102b      0x27f c:/winavr-20100110/bin/../lib/gcc/avr/4.3.3/avr5\libgcc.a(_ge_sf.o)
 .debug_info    0x000012aa      0x27f c:/winavr-20100110/bin/../lib/gcc/avr/4.3.3/avr5\libgcc.a(_lt_sf.o)
 .debug_info    0x00001529      0x27f c:/winavr-20100110/bin/../lib/gcc/avr/4.3.3/avr5\libgcc.a(_le_sf.o)
 .debug_info    0x000017a8      0x207 c:/winavr-20100110/bin/../lib/gcc/avr/4.3.3/avr5\libgcc.a(_si_to_sf.o)
 .debug_info    0x000019af      0x2b0 c:/winavr-20100110/bin/../lib/gcc/avr/4.3.3/avr5\libgcc.a(_sf_to_si.o)
 .debug_info    0x00001c5f      0x12c c:/winavr-20100110/bin/../lib/gcc/avr/4.3.3/avr5\libgcc.a(_thenan_sf.o)
 .debug_info    0x00001d8b      0x206 c:/winavr-20100110/bin/../lib/gcc/avr/4.3.3/avr5\libgcc.a(_usi_to_sf.o)
 .debug_info    0x00001f91      0x117 c:/winavr-20100110/bin/../lib/gcc/avr/4.3.3/avr5\libgcc.a(_clzsi2.o)
 .debug_info    0x000020a8      0x2df c:/winavr-20100110/bin/../lib/gcc/avr/4.3.3/avr5\libgcc.a(_pack_sf.o)
 .debug_info    0x00002387      0x251 c:/winavr-20100110/bin/../lib/gcc/avr/4.3.3/avr5\libgcc.a(_unpack_sf.o)
 .debug_info    0x000025d8      0x210 c:/winavr-20100110/bin/../lib/gcc/avr/4.3.3/avr5\libgcc.a(_fpcmp_parts_sf.o)
 .debug_info    0x000027e8       0xa9 c:/winavr-20100110/bin/../lib/gcc/avr/4.3.3/avr5\libgcc.a(_clz.o)
 *(.gnu.linkonce.wi.*)

.debug_abbrev   0x00000000     0x1628
 *(.debug_abbrev)
 .debug_abbrev  0x00000000       0x5d c:/winavr-20100110/bin/../lib/gcc/avr/4.3.3/avr5\libgcc.a(_fixunssfsi.o)
 .debug_abbrev  0x0000005d      0x1ea c:/winavr-20100110/bin/../lib/gcc/avr/4.3.3/avr5\libgcc.a(_addsub_sf.o)
 .debug_abbrev  0x00000247      0x21b c:/winavr-20100110/bin/../lib/gcc/avr/4.3.3/avr5\libgcc.a(_mul_sf.o)
 .debug_abbrev  0x00000462      0x216 c:/winavr-20100110/bin/../lib/gcc/avr/4.3.3/avr5\libgcc.a(_div_sf.o)
 .debug_abbrev  0x00000678      0x15a c:/winavr-20100110/bin/../lib/gcc/avr/4.3.3/avr5\libgcc.a(_gt_sf.o)
 .debug_abbrev  0x000007d2      0x15a c:/winavr-20100110/bin/../lib/gcc/avr/4.3.3/avr5\libgcc.a(_ge_sf.o)
 .debug_abbrev  0x0000092c      0x15a c:/winavr-20100110/bin/../lib/gcc/avr/4.3.3/avr5\libgcc.a(_lt_sf.o)
 .debug_abbrev  0x00000a86      0x15a c:/winavr-20100110/bin/../lib/gcc/avr/4.3.3/avr5\libgcc.a(_le_sf.o)
 .debug_abbrev  0x00000be0      0x148 c:/winavr-20100110/bin/../lib/gcc/avr/4.3.3/avr5\libgcc.a(_si_to_sf.o)
 .debug_abbrev  0x00000d28      0x17f c:/winavr-20100110/bin/../lib/gcc/avr/4.3.3/avr5\libgcc.a(_sf_to_si.o)
 .debug_abbrev  0x00000ea7       0xad c:/winavr-20100110/bin/../lib/gcc/avr/4.3.3/avr5\libgcc.a(_thenan_sf.o)
 .debug_abbrev  0x00000f54      0x157 c:/winavr-20100110/bin/../lib/gcc/avr/4.3.3/avr5\libgcc.a(_usi_to_sf.o)
 .debug_abbrev  0x000010ab       0xc4 c:/winavr-20100110/bin/../lib/gcc/avr/4.3.3/avr5\libgcc.a(_clzsi2.o)
 .debug_abbrev  0x0000116f      0x1c0 c:/winavr-20100110/bin/../lib/gcc/avr/4.3.3/avr5\libgcc.a(_pack_sf.o)
 .debug_abbrev  0x0000132f      0x154 c:/winavr-20100110/bin/../lib/gcc/avr/4.3.3/avr5\libgcc.a(_unpack_sf.o)
 .debug_abbrev  0x00001483      0x13b c:/winavr-20100110/bin/../lib/gcc/avr/4.3.3/avr5\libgcc.a(_fpcmp_parts_sf.o)
 .debug_abbrev  0x000015be       0x6a c:/winavr-20100110/bin/../lib/gcc/avr/4.3.3/avr5\libgcc.a(_clz.o)

.debug_line     0x00000000     0x13de
 *(.debug_line)
 .debug_line    0x00000000       0xa7 c:/winavr-20100110/bin/../lib/gcc/avr/4.3.3/avr5\libgcc.a(_fixunssfsi.o)
 .debug_line    0x000000a7      0x2af c:/winavr-20100110/bin/../lib/gcc/avr/4.3.3/avr5\libgcc.a(_addsub_sf.o)
 .debug_line    0x00000356      0x239 c:/winavr-20100110/bin/../lib/gcc/avr/4.3.3/avr5\libgcc.a(_mul_sf.o)
 .debug_line    0x0000058f      0x1d5 c:/winavr-20100110/bin/../lib/gcc/avr/4.3.3/avr5\libgcc.a(_div_sf.o)
 .debug_line    0x00000764       0xd3 c:/winavr-20100110/bin/../lib/gcc/avr/4.3.3/avr5\libgcc.a(_gt_sf.o)
 .debug_line    0x00000837       0xd3 c:/winavr-20100110/bin/../lib/gcc/avr/4.3.3/avr5\libgcc.a(_ge_sf.o)
 .debug_line    0x0000090a       0xd3 c:/winavr-20100110/bin/../lib/gcc/avr/4.3.3/avr5\libgcc.a(_lt_sf.o)
 .debug_line    0x000009dd       0xd3 c:/winavr-20100110/bin/../lib/gcc/avr/4.3.3/avr5\libgcc.a(_le_sf.o)
 .debug_line    0x00000ab0      0x135 c:/winavr-20100110/bin/../lib/gcc/avr/4.3.3/avr5\libgcc.a(_si_to_sf.o)
 .debug_line    0x00000be5      0x109 c:/winavr-20100110/bin/../lib/gcc/avr/4.3.3/avr5\libgcc.a(_sf_to_si.o)
 .debug_line    0x00000cee       0x90 c:/winavr-20100110/bin/../lib/gcc/avr/4.3.3/avr5\libgcc.a(_thenan_sf.o)
 .debug_line    0x00000d7e      0x133 c:/winavr-20100110/bin/../lib/gcc/avr/4.3.3/avr5\libgcc.a(_usi_to_sf.o)
 .debug_line    0x00000eb1       0xa5 c:/winavr-20100110/bin/../lib/gcc/avr/4.3.3/avr5\libgcc.a(_clzsi2.o)
 .debug_line    0x00000f56      0x18a c:/winavr-20100110/bin/../lib/gcc/avr/4.3.3/avr5\libgcc.a(_pack_sf.o)
 .debug_line    0x000010e0      0x14b c:/winavr-20100110/bin/../lib/gcc/avr/4.3.3/avr5\libgcc.a(_unpack_sf.o)
 .debug_line    0x0000122b      0x137 c:/winavr-20100110/bin/../lib/gcc/avr/4.3.3/avr5\libgcc.a(_fpcmp_parts_sf.o)
 .debug_line    0x00001362       0x7c c:/winavr-20100110/bin/../lib/gcc/avr/4.3.3/avr5\libgcc.a(_clz.o)

.debug_frame    0x00000000      0x200
 *(.debug_frame)
 .debug_frame   0x00000000       0x20 c:/winavr-20100110/bin/../lib/gcc/avr/4.3.3/avr5\libgcc.a(_fixunssfsi.o)
 .debug_frame   0x00000020       0x40 c:/winavr-20100110/bin/../lib/gcc/avr/4.3.3/avr5\libgcc.a(_addsub_sf.o)
 .debug_frame   0x00000060       0x20 c:/winavr-20100110/bin/../lib/gcc/avr/4.3.3/avr5\libgcc.a(_mul_sf.o)
 .debug_frame   0x00000080       0x20 c:/winavr-20100110/bin/../lib/gcc/avr/4.3.3/avr5\libgcc.a(_div_sf.o)
 .debug_frame   0x000000a0       0x20 c:/winavr-20100110/bin/../lib/gcc/avr/4.3.3/avr5\libgcc.a(_gt_sf.o)
 .debug_frame   0x000000c0       0x20 c:/winavr-20100110/bin/../lib/gcc/avr/4.3.3/avr5\libgcc.a(_ge_sf.o)
 .debug_frame   0x000000e0       0x20 c:/winavr-20100110/bin/../lib/gcc/avr/4.3.3/avr5\libgcc.a(_lt_sf.o)
 .debug_frame   0x00000100       0x20 c:/winavr-20100110/bin/../lib/gcc/avr/4.3.3/avr5\libgcc.a(_le_sf.o)
 .debug_frame   0x00000120       0x20 c:/winavr-20100110/bin/../lib/gcc/avr/4.3.3/avr5\libgcc.a(_si_to_sf.o)
 .debug_frame   0x00000140       0x20 c:/winavr-20100110/bin/../lib/gcc/avr/4.3.3/avr5\libgcc.a(_sf_to_si.o)
 .debug_frame   0x00000160       0x20 c:/winavr-20100110/bin/../lib/gcc/avr/4.3.3/avr5\libgcc.a(_usi_to_sf.o)
 .debug_frame   0x00000180       0x20 c:/winavr-20100110/bin/../lib/gcc/avr/4.3.3/avr5\libgcc.a(_clzsi2.o)
 .debug_frame   0x000001a0       0x20 c:/winavr-20100110/bin/../lib/gcc/avr/4.3.3/avr5\libgcc.a(_pack_sf.o)
 .debug_frame   0x000001c0       0x20 c:/winavr-20100110/bin/../lib/gcc/avr/4.3.3/avr5\libgcc.a(_unpack_sf.o)
 .debug_frame   0x000001e0       0x20 c:/winavr-20100110/bin/../lib/gcc/avr/4.3.3/avr5\libgcc.a(_fpcmp_parts_sf.o)

.debug_str      0x00000000      0x30f
 *(.debug_str)
 .debug_str     0x00000000       0xbf c:/winavr-20100110/bin/../lib/gcc/avr/4.3.3/avr5\libgcc.a(_fixunssfsi.o)
                                 0xfe (size before relaxing)
 .debug_str     0x000000bf      0x14d c:/winavr-20100110/bin/../lib/gcc/avr/4.3.3/avr5\libgcc.a(_addsub_sf.o)
                                0x206 (size before relaxing)
 .debug_str     0x0000020c       0x27 c:/winavr-20100110/bin/../lib/gcc/avr/4.3.3/avr5\libgcc.a(_mul_sf.o)
                                0x1bf (size before relaxing)
 .debug_str     0x00000233       0x35 c:/winavr-20100110/bin/../lib/gcc/avr/4.3.3/avr5\libgcc.a(_div_sf.o)
                                0x1c8 (size before relaxing)
 .debug_str     0x00000268        0x8 c:/winavr-20100110/bin/../lib/gcc/avr/4.3.3/avr5\libgcc.a(_gt_sf.o)
                                0x195 (size before relaxing)
 .debug_str     0x00000270        0x8 c:/winavr-20100110/bin/../lib/gcc/avr/4.3.3/avr5\libgcc.a(_ge_sf.o)
                                0x195 (size before relaxing)
 .debug_str     0x00000278        0x8 c:/winavr-20100110/bin/../lib/gcc/avr/4.3.3/avr5\libgcc.a(_lt_sf.o)
                                0x195 (size before relaxing)
 .debug_str     0x00000280        0x8 c:/winavr-20100110/bin/../lib/gcc/avr/4.3.3/avr5\libgcc.a(_le_sf.o)
                                0x195 (size before relaxing)
 .debug_str     0x00000288       0x1e c:/winavr-20100110/bin/../lib/gcc/avr/4.3.3/avr5\libgcc.a(_si_to_sf.o)
                                0x17b (size before relaxing)
 .debug_str     0x000002a6        0xa c:/winavr-20100110/bin/../lib/gcc/avr/4.3.3/avr5\libgcc.a(_sf_to_si.o)
                                0x19e (size before relaxing)
 .debug_str     0x00000000      0x103 c:/winavr-20100110/bin/../lib/gcc/avr/4.3.3/avr5\libgcc.a(_thenan_sf.o)
 .debug_str     0x000002b0       0x14 c:/winavr-20100110/bin/../lib/gcc/avr/4.3.3/avr5\libgcc.a(_usi_to_sf.o)
                                0x177 (size before relaxing)
 .debug_str     0x000002c4       0x20 c:/winavr-20100110/bin/../lib/gcc/avr/4.3.3/avr5\libgcc.a(_clzsi2.o)
                                0x111 (size before relaxing)
 .debug_str     0x000002e4       0x10 c:/winavr-20100110/bin/../lib/gcc/avr/4.3.3/avr5\libgcc.a(_pack_sf.o)
                                0x19d (size before relaxing)
 .debug_str     0x000002f4        0xb c:/winavr-20100110/bin/../lib/gcc/avr/4.3.3/avr5\libgcc.a(_unpack_sf.o)
                                0x17f (size before relaxing)
 .debug_str     0x000002ff       0x10 c:/winavr-20100110/bin/../lib/gcc/avr/4.3.3/avr5\libgcc.a(_fpcmp_parts_sf.o)
                                0x163 (size before relaxing)
 .debug_str     0x00000000       0xf4 c:/winavr-20100110/bin/../lib/gcc/avr/4.3.3/avr5\libgcc.a(_clz.o)

.debug_loc      0x00000000      0xa56
 *(.debug_loc)
 .debug_loc     0x00000000       0x34 c:/winavr-20100110/bin/../lib/gcc/avr/4.3.3/avr5\libgcc.a(_fixunssfsi.o)
 .debug_loc     0x00000034      0x32a c:/winavr-20100110/bin/../lib/gcc/avr/4.3.3/avr5\libgcc.a(_addsub_sf.o)
 .debug_loc     0x0000035e      0x104 c:/winavr-20100110/bin/../lib/gcc/avr/4.3.3/avr5\libgcc.a(_mul_sf.o)
 .debug_loc     0x00000462       0xc0 c:/winavr-20100110/bin/../lib/gcc/avr/4.3.3/avr5\libgcc.a(_div_sf.o)
 .debug_loc     0x00000522       0x3c c:/winavr-20100110/bin/../lib/gcc/avr/4.3.3/avr5\libgcc.a(_gt_sf.o)
 .debug_loc     0x0000055e       0x3c c:/winavr-20100110/bin/../lib/gcc/avr/4.3.3/avr5\libgcc.a(_ge_sf.o)
 .debug_loc     0x0000059a       0x3c c:/winavr-20100110/bin/../lib/gcc/avr/4.3.3/avr5\libgcc.a(_lt_sf.o)
 .debug_loc     0x000005d6       0x3c c:/winavr-20100110/bin/../lib/gcc/avr/4.3.3/avr5\libgcc.a(_le_sf.o)
 .debug_loc     0x00000612       0xac c:/winavr-20100110/bin/../lib/gcc/avr/4.3.3/avr5\libgcc.a(_si_to_sf.o)
 .debug_loc     0x000006be       0x7e c:/winavr-20100110/bin/../lib/gcc/avr/4.3.3/avr5\libgcc.a(_sf_to_si.o)
 .debug_loc     0x0000073c       0x4c c:/winavr-20100110/bin/../lib/gcc/avr/4.3.3/avr5\libgcc.a(_usi_to_sf.o)
 .debug_loc     0x00000788       0x94 c:/winavr-20100110/bin/../lib/gcc/avr/4.3.3/avr5\libgcc.a(_clzsi2.o)
 .debug_loc     0x0000081c      0x13e c:/winavr-20100110/bin/../lib/gcc/avr/4.3.3/avr5\libgcc.a(_pack_sf.o)
 .debug_loc     0x0000095a       0xac c:/winavr-20100110/bin/../lib/gcc/avr/4.3.3/avr5\libgcc.a(_unpack_sf.o)
 .debug_loc     0x00000a06       0x50 c:/winavr-20100110/bin/../lib/gcc/avr/4.3.3/avr5\libgcc.a(_fpcmp_parts_sf.o)

.debug_macinfo
 *(.debug_macinfo)
OUTPUT(FINAAAAAAAAAAAAAL.elf elf32-avr)
LOAD linker stubs

.debug_ranges   0x00000000       0x50
 .debug_ranges  0x00000000       0x50 c:/winavr-20100110/bin/../lib/gcc/avr/4.3.3/avr5\libgcc.a(_mul_sf.o)
